# Table below includes counts of error codes
#
# Explanation of columns:
# "code"       : the error code
# "#tot"       : total number of occurences of code , possibly > 1 for some accessions
# "#accn"      : number of accessions with at least 1 occurence of code
# "fraction...": fraction of all 508 accessions with at least 1 occurence of code
#
# Explanation of final two rows beginning with "total" and "any":
#   "total":"#tot"   column is total number of error codes reported
#   "any":"#tot"     column is number of accessions with >= 1 error code
#   "any":"fraction" column is fraction of accessions with >= 1 error code

           -------------------------------------------------------------------------------------------------
           |                       |                       |                       |                       |
           |     Maize streak      |       Dengue          |      West Nile        |      Hepatitis B      |
           |    508 accessions     |  3772 accessions      |    1098 accessions    |    6998 accessions    |
           |                       |  from 4 serologies    |    from 2 lineages    |                       |
           |                       |                       |                       |                       |
   --------------------------------|-----------------------|-----------------------|-----------------------|
   |       |                       |                       |                       |                       |
   | code  |  #tot  #accn  fract   |  #tot  #accn  fract   |  #tot  #accn  fract   |  #tot  #accn  fract   |  
   |------ |  ----  -----  ------  |  ----  -----  ------  |  ----  -----  ------  |  ----  -----  ------  |
   |  trc  |   179    177  0.3484  |    37     19  0.0050  |    91     43  0.0392  |  4430   2792  0.3990  |
   |  ntr  |     -      -       -  |    60      8  0.0021  |    19      2  0.0018  |     -      -       -  |
   |  ext  |     0      0  0.0000  |     6      3  0.0008  |     6      3  0.0027  |   537    422  0.0603  |
   |  nst  |     0      0  0.0000  |     1      1  0.0003  |     0      0  0.0000  |     0      0  0.0000  |
   |  str  |     0      0  0.0000  |     5      5  0.0013  |     3      1  0.0009  |  1725   1518  0.2169  |
   |  stp  |    52     52  0.1024  |     2      2  0.0005  |     3      3  0.0027  |   407    331  0.0473  |
   |  nm3  |     0      0  0.0000  |    15      9  0.0024  |     3      3  0.0027  |   353    301  0.0430  |
   |  bd5  |     0      0  0.0000  |     3      2  0.0005  |     5      4  0.0036  |   119     70  0.0100  |
   |  bd3  |     0      0  0.0000  |     1      1  0.0003  |     0      0  0.0000  |     0      0  0.0000  | 
   |  nop  |     0      0  0.0000  |     6      6  0.0016  |     4      2  0.0018  |   108     22  0.0031  |  
   |  olp  |     6      3  0.0059  |    35      9  0.0024  |    18      9  0.0082  |  8873   2804  0.4007  |
   |  ajb  |     0      0  0.0000  |    65     23  0.0061  |    17      7  0.0064  |     1      1  0.0001  |
   |  aja  |     0      0  0.0000  |    60     23  0.0061  |    16      7  0.0064  |     1      1  0.0001  |
   |  aji  |     -      -       -  |    15     15  0.0040  |     4      4  0.0036  |     -      -       -  |
   |  int  |     -      -       -  |     8      8  0.0021  |     5      2  0.0018  |     -      -       -  |
   |  inp  |     -      -       -  |     5      5  0.0013  |     2      2  0.0018  |     -      -       -  |
   |  ori  |     0      0  0.0000  |     -      -       -  |     -      -       -  |   144    144  0.0206  |
   |       |                       |                       |                       |                       |
   | ----- |  ----  -----  ------  |  ----   ----  ------  |  ----   ---- -------  |  ----   ----  ------  |
   |       |                       |                       |                       |                       |
   | total |   239      -       -  |   324      -       -  |   196      -       -  | 16698      -       -  |
   |   any |   178      -  0.3504  |    33      -  0.0087  |    47      -  0.0428  |  3632      -  0.5190  |
   |  none |   330      -  0.6496  |  3739      -  0.9913  |  1051      -  0.9572  |  3366      -  0.4810  |
   ---------------------------------------------------------------------------------------------------------

   total: total number of error codes reported
     any: number of accessions with >= 1 error code reported
    none: number of accessions with  0 error codes reported

           ------------------------------------------------------------------------------------------------------------------------
           |                       |                       |                       |                       |                      |
           |     Maize streak      |       Dengue          |      West Nile        |      Hepatitis B      |      Hepatitis B     |
           |    508 accessions     |  3772 accessions      |    1098 accessions    |    6998 accessions    |     178 accessions   |
           |                       |  from 4 serologies    |    from 2 lineages    |                       |    deposited by CDC  |
           |                       |                       |                       |                       |    in October 2013*  |
           |                       |                       |                       |                       |                      |
   --------------------------------|-----------------------|-----------------------|-----------------------|-----------------------
   |       |                       |                       |                       |                       |                      |
   | code  |  #tot  #accn  fract   |  #tot  #accn  fract   |  #tot  #accn  fract   |  #tot  #accn  fract   |  #tot  #accn  fract  |
   |------ |  ----  -----  ------  |  ----  -----  ------  |  ----  -----  ------  |  ----  -----  ------  | -----  -----  ------ |
   |  trc  |   179    177  0.3484  |    37     19  0.0050  |    91     43  0.0392  |  4430   2792  0.3990  |    38     26  0.1461 |
   |  ntr  |     -      -       -  |    60      8  0.0021  |    19      2  0.0018  |     -      -       -  |     -      -       - | 
   |  ext  |     0      0  0.0000  |     6      3  0.0008  |     6      3  0.0027  |   537    422  0.0603  |   175    171  0.9607 |
   |  nst  |     0      0  0.0000  |     1      1  0.0003  |     0      0  0.0000  |     0      0  0.0000  |     0      0  0.0000 |
   |  str  |     0      0  0.0000  |     5      5  0.0013  |     3      1  0.0009  |  1725   1518  0.2169  |   185    175  0.9850 |
   |  stp  |    52     52  0.1024  |     2      2  0.0005  |     3      3  0.0027  |   407    331  0.0473  |   179    178  1.0000 |
   |  nm3  |     0      0  0.0000  |    15      9  0.0024  |     3      3  0.0027  |   353    301  0.0430  |   132    132  0.7416 |
   |  bd5  |     0      0  0.0000  |     3      2  0.0005  |     5      4  0.0036  |   119     70  0.0100  |     3      3  0.0169 |
   |  bd3  |     0      0  0.0000  |     1      1  0.0003  |     0      0  0.0000  |     0      0  0.0000  |     0      0  0.0000 |
   |  nop  |     0      0  0.0000  |     6      6  0.0016  |     4      2  0.0018  |   108     22  0.0031  |     0      0  0.0000 |
   |  olp  |     6      3  0.0059  |    35      9  0.0024  |    18      9  0.0082  |  8873   2804  0.4007  |   375    171  0.9607 |
   |  ajb  |     0      0  0.0000  |    65     23  0.0061  |    17      7  0.0064  |     1      1  0.0001  |     0      0  0.0000 |
   |  aja  |     0      0  0.0000  |    60     23  0.0061  |    16      7  0.0064  |     1      1  0.0001  |     0      0  0.0000 |
   |  aji  |     -      -       -  |    15     15  0.0040  |     4      4  0.0036  |     -      -       -  |     -      -       - |
   |  int  |     -      -       -  |     8      8  0.0021  |     5      2  0.0018  |     -      -       -  |     -      -       - |
   |  inp  |     -      -       -  |     5      5  0.0013  |     2      2  0.0018  |     -      -       -  |     -      -       - |
   |  ori  |     0      0  0.0000  |     -      -       -  |     -      -       -  |   144    144  0.0206  |     0      0  0.0000 |
   |       |                       |                       |                       |                       |                      |
   | ----- |  ----  -----  ------  |  ----   ----  ------  |  ----   ---- -------  |  ----   ----  ------  | -----   ----  ------ |
   |       |                       |                       |                       |                       |                      |
   | total |   239      -       -  |   324      -       -  |   196      -       -  | 16698      -       -  |  1087      -       - |
   |   any |   178      -  0.3504  |    33      -  0.0087  |    47      -  0.0428  |  3632      -  0.5190  |   178      -   1.000 |
   |  none |   330      -  0.6496  |  3739      -  0.9913  |  1051      -  0.9572  |  3366      -  0.4810  |     0      -   0.000 |
   --------------------------------------------------------------------------------------------------------------------------------

   total: total number of error codes reported                                                 * From "Recent population expansions 
     any: number of accessions with >= 1 error code reported                                     of hepatitis B virus in the United 
    none: number of accessions with  0 error codes reported                                      States.", Ramachandran et. al, 
                                                                                                 J Virol. 2014 Dec; 88(24) 13971-80.
    
